

*** Testing file in.abc ***

Makefile:45: no file name for `-include'
../src/spk_serial < in.abc
SPPARKS (23 Jul 2008)
 CPU Time        Step       Time          A          B          C
        0           0          0       3000       1000          0
  0.00597       13739    10.0003       2329        329        671
   0.0118       27080    20.0007       2344        344        656
   0.0177       40630    30.0006       2322        322        678
   0.0234       53806    40.0019       2352        352        648
   0.0292       67275    50.0008       2333        333        667
    0.035       80773    60.0005       2325        325        675
   0.0407       94029     70.001       2333        333        667
   0.0465      107311    80.0004       2345        345        655
   0.0523      120945     90.001       2317        317        683
   0.0582      134494        100       2336        336        664
Loop time of 0.058229 on 1 procs

Solve time (%) = 0.0187075 (32.1275)
Update time (%) = 0 (0)
Comm  time (%) = 0 (0)
Outpt time (%) = 0.011826 (20.3095)
App   time (%) = 0.0185733 (31.897)
Other time (%) = 0.00912213 (15.666)


*** Testing file in.ising ***

Makefile:45: no file name for `-include'
../src/spk_serial < in.ising
SPPARKS (23 Jul 2008)
 CPU Time        Step       Time     Energy
        0           0          0      78456
    0.181       41634         10      20166
    0.221       51891         20      15878
    0.248       59174         30      13904
    0.273       65563         40      12516
    0.294       71073         50      11690
    0.313       76259         60      10948
    0.332       81010         70      10096
    0.349       85510         80       9398
    0.365       89768         90       8774
    0.392       93903        100       8146
Loop time of 0.392082 on 1 procs

Solve time (%) = 0.0223935 (5.71142)
Update time (%) = 0 (0)
Comm  time (%) = 0.0211902 (5.40452)
Outpt time (%) = 0.0131476 (3.35327)
App   time (%) = 0.328315 (83.7362)
Other time (%) = 0.00703621 (1.79457)
 CPU Time        Step       Time     Energy
        0       93903        100       8146
   0.0141       97569        110       7774
   0.0282      101212        120       7406
   0.0414      104626        130       6950
    0.054      107882        140       6588
   0.0661      110971        150       6374
   0.0774      113823        160       6176
   0.0883      116602        170       5974
   0.0995      119439        180       5886
     0.11      122147        190       5738
    0.132      124902        200       5522
Loop time of 0.132223 on 1 procs

Solve time (%) = 0.00718689 (5.43543)
Update time (%) = 0 (0)
Comm  time (%) = 0.0182903 (13.8329)
Outpt time (%) = 0.0130806 (9.89282)
App   time (%) = 0.091373 (69.1051)
Other time (%) = 0.00229239 (1.73373)


*** Testing file in.membrane ***

Makefile:45: no file name for `-include'
../src/spk_serial < in.membrane
SPPARKS (23 Jul 2008)
 CPU Time        Step       Time     Energy
        0           0          0          0
    0.145       64761        100      -6811
    0.291      130163        200      -9275
    0.446      191813        300   -11015.5
     0.58      250126        400     -11267
    0.726      306693        500     -12089
Loop time of 0.725891 on 1 procs

Solve time (%) = 0.0716431 (9.86968)
Update time (%) = 0 (0)
Comm  time (%) = 0.0773444 (10.6551)
Outpt time (%) = 0.0969648 (13.358)
App   time (%) = 0.457285 (62.9964)
Other time (%) = 0.0226536 (3.1208)


*** Testing file in.potts ***

Makefile:45: no file name for `-include'
../src/spk_serial < in.potts
SPPARKS (23 Jul 2008)
 CPU Time        Step       Time     Energy
        0           0          0      79250
 0.000974           1       0.01      77838
  0.00201           2       0.02      76616
  0.00309           3       0.03      75510
  0.00422           4       0.04      74554
  0.00537           5       0.05      73728
  0.00655           6       0.06      72932
  0.00778           7       0.07      72162
  0.00899           8       0.08      71470
   0.0103           9       0.09      70860
   0.0115          10        0.1      70212
   0.0127          11       0.11      69574
Loop time of 0.0127451 on 1 procs

Solve time (%) = 0.0105581 (82.8404)
Update time (%) = 0 (0)
Comm  time (%) = 3.3617e-05 (0.263763)
Outpt time (%) = 0.00214911 (16.8622)
App   time (%) = 0 (0)
Other time (%) = 4.29153e-06 (0.0336719)
 CPU Time        Step       Time     Energy
        0           0          0      79250
  0.00352         670       0.01      78006
  0.00738        1426       0.02      76742
   0.0107        2048       0.03      75704
   0.0142        2703       0.04      74642
   0.0173        3292       0.05      73794
   0.0208        3938       0.06      72928
   0.0239        4501       0.07      72088
   0.0269        5045       0.08      71372
   0.0296        5504       0.09      70768
   0.0324        5996        0.1      70080
   0.0354        6530       0.11      69308
Loop time of 0.0353942 on 1 procs

Solve time (%) = 0.00158381 (4.47479)
Update time (%) = 0 (0)
Comm  time (%) = 0.00378633 (10.6976)
Outpt time (%) = 0.00215006 (6.07461)
App   time (%) = 0.027437 (77.5183)
Other time (%) = 0.000437021 (1.23473)
 CPU Time        Step       Time     Energy
        0           0          0      39612
 0.000803           1       0.01      38878
  0.00164           2       0.02      38180
  0.00251           3       0.03      37564
  0.00347           4       0.04      36968
  0.00441           5       0.05      36424
  0.00539           6       0.06      35944
  0.00637           7       0.07      35452
  0.00742           8       0.08      35036
  0.00844           9       0.09      34624
  0.00947          10        0.1      34218
   0.0105          11       0.11      33840
Loop time of 0.0105128 on 1 procs

Solve time (%) = 0.00871944 (82.941)
Update time (%) = 0 (0)
Comm  time (%) = 3.38554e-05 (0.322039)
Outpt time (%) = 0.00175738 (16.7166)
App   time (%) = 0 (0)
Other time (%) = 2.14577e-06 (0.0204109)
 CPU Time        Step       Time     Energy
        0           0          0      39612
 0.000853         332       0.01      38980
  0.00176         692       0.02      38320
  0.00283        1149       0.03      37544
  0.00372        1490       0.04      37018
  0.00464        1860       0.05      36442
   0.0055        2180       0.06      35974
  0.00646        2543       0.07      35442
  0.00733        2868       0.08      34998
  0.00825        3216       0.09      34570
  0.00921        3591        0.1      34092
   0.0101        3936       0.11      33672
Loop time of 0.0101089 on 1 procs

Solve time (%) = 0.000993729 (9.83019)
Update time (%) = 0 (0)
Comm  time (%) = 0.0021131 (20.9033)
Outpt time (%) = 0.00172782 (17.092)
App   time (%) = 0.00499487 (49.4104)
Other time (%) = 0.000279427 (2.76415)
 CPU Time        Step       Time     Energy
        0           0          0     237674
  0.00169           1       0.01     224902
  0.00361           2       0.02     223966
  0.00553           3       0.03     222844
  0.00744           4       0.04     221784
  0.00936           5       0.05     220660
   0.0113           6       0.06     219198
   0.0132           7       0.07     218048
   0.0151           8       0.08     216730
    0.017           9       0.09     215540
    0.019          10        0.1     214464
   0.0209          11       0.11     213294
Loop time of 0.0209131 on 1 procs

Solve time (%) = 0.0163493 (78.1773)
Update time (%) = 0 (0)
Comm  time (%) = 0.000484467 (2.31657)
Outpt time (%) = 0.00405121 (19.3716)
App   time (%) = 0 (0)
Other time (%) = 2.81334e-05 (0.134525)
 CPU Time        Step       Time     Energy
        0           0          0     237674
   0.0783        1906       0.01     234338
    0.143        3494       0.02     231772
    0.206        5024       0.03     229362
    0.259        6308       0.04     227278
    0.302        7368       0.05     225490
    0.343        8320       0.06     223878
     0.38        9225       0.07     222340
    0.415       10061       0.08     220934
    0.449       10907       0.09     219356
    0.477       11569        0.1     218064
    0.502       12176       0.11     216948
Loop time of 0.502483 on 1 procs

Solve time (%) = 0.00343251 (0.68311)
Update time (%) = 0 (0)
Comm  time (%) = 0.0267186 (5.31732)
Outpt time (%) = 0.00409579 (0.815111)
App   time (%) = 0.467288 (92.9959)
Other time (%) = 0.000947714 (0.188606)
 CPU Time        Step       Time     Energy
        0           0          0     105510
  0.00148           1       0.01     103956
  0.00299           2       0.02     102806
  0.00454           3       0.03     101694
   0.0061           4       0.04     100910
  0.00766           5       0.05     100212
  0.00923           6       0.06      99508
   0.0108           7       0.07      98806
   0.0124           8       0.08      98222
    0.014           9       0.09      97630
   0.0155          10        0.1      97102
   0.0171          11       0.11      96518
Loop time of 0.0171189 on 1 procs

Solve time (%) = 0.0123231 (71.9855)
Update time (%) = 0 (0)
Comm  time (%) = 0.000163078 (0.95262)
Outpt time (%) = 0.0046277 (27.0327)
App   time (%) = 0 (0)
Other time (%) = 5.00679e-06 (0.0292471)
 CPU Time        Step       Time     Energy
        0           0          0     105510
   0.0604         756       0.01     104258
    0.118        1467       0.02     103120
    0.179        2250       0.03     102040
    0.222        2781       0.04     101242
    0.263        3254       0.05     100578
    0.302        3720       0.06      99828
    0.332        4052       0.07      99318
    0.364        4437       0.08      98726
    0.397        4836       0.09      98022
    0.424        5142        0.1      97452
    0.449        5427       0.11      96938
Loop time of 0.448617 on 1 procs

Solve time (%) = 0.00135803 (0.302715)
Update time (%) = 0 (0)
Comm  time (%) = 0.0806723 (17.9824)
Outpt time (%) = 0.0046711 (1.04122)
App   time (%) = 0.361504 (80.5819)
Other time (%) = 0.00041151 (0.0917287)
 CPU Time        Step       Time     Energy
        0           0          0     194704
   0.0034           1       0.01     191088
    0.007           2       0.02     187910
   0.0108           3       0.03     185036
   0.0147           4       0.04     182478
   0.0186           5       0.05     180288
   0.0227           6       0.06     178164
   0.0269           7       0.07     176286
   0.0311           8       0.08     174510
   0.0354           9       0.09     172852
   0.0396          10        0.1     171484
    0.044          11       0.11     170068
Loop time of 0.043957 on 1 procs

Solve time (%) = 0.0353363 (80.3882)
Update time (%) = 0 (0)
Comm  time (%) = 0.00045228 (1.02891)
Outpt time (%) = 0.00815964 (18.5628)
App   time (%) = 0 (0)
Other time (%) = 8.82149e-06 (0.0200684)
 CPU Time        Step       Time     Energy
        0           0          0     194704
  0.00991        1752       0.01     191374
   0.0202        3654       0.02     188206
   0.0302        5419       0.03     185298
   0.0404        7246       0.04     182616
   0.0506        9053       0.05     180172
   0.0607       10801       0.06     178052
   0.0708       12536       0.07     175984
   0.0805       14105       0.08     174232
     0.09       15595       0.09     172630
   0.0995       17099        0.1     171080
    0.109       18601       0.11     169666
Loop time of 0.109051 on 1 procs

Solve time (%) = 0.00442243 (4.05537)
Update time (%) = 0 (0)
Comm  time (%) = 0.0457144 (41.9202)
Outpt time (%) = 0.00819278 (7.5128)
App   time (%) = 0.0492909 (45.1999)
Other time (%) = 0.00143051 (1.31178)
 CPU Time        Step       Time     Energy
        0           0          0     389280
  0.00456           1       0.01     382692
  0.00949           2       0.02     377276
   0.0146           3       0.03     372862
   0.0198           4       0.04     369060
    0.025           5       0.05     365570
   0.0304           6       0.06     362532
   0.0357           7       0.07     359692
   0.0412           8       0.08     357260
   0.0466           9       0.09     354966
   0.0521          10        0.1     352882
   0.0576          11       0.11     350878
Loop time of 0.057555 on 1 procs

Solve time (%) = 0.043704 (75.9344)
Update time (%) = 0 (0)
Comm  time (%) = 0.00170302 (2.95895)
Outpt time (%) = 0.012141 (21.0946)
App   time (%) = 0 (0)
Other time (%) = 6.91414e-06 (0.0120131)
 CPU Time        Step       Time     Energy
        0           0          0     389280
   0.0526        3539       0.01     383006
    0.104        6914       0.02     377860
    0.156       10419       0.03     373176
    0.206       13604       0.04     369204
    0.251       16364       0.05     365954
    0.297       19199       0.06     362854
    0.344       22024       0.07     359888
    0.385       24360       0.08     357560
    0.427       26734       0.09     355202
     0.47       29158        0.1     352828
    0.511       31412       0.11     350706
Loop time of 0.510918 on 1 procs

Solve time (%) = 0.00769567 (1.50624)
Update time (%) = 0 (0)
Comm  time (%) = 0.17577 (34.4028)
Outpt time (%) = 0.0123158 (2.41051)
App   time (%) = 0.31288 (61.2387)
Other time (%) = 0.00225663 (0.441682)
 CPU Time        Step       Time     Energy
        0           0          0      51916
      0.3        3267   0.100022      48330
     0.46        5198   0.200073      46824
     0.57        6611   0.300112      45224
    0.649        7675   0.400012      43818
    0.705        8461   0.500201      42416
     0.75        9125   0.600078      41292
    0.787        9692    0.70016      39970
    0.817       10182   0.800335      38850
     0.84       10549   0.900463      37752
     0.86       10889    1.00053      36640
Loop time of 0.860227 on 1 procs

Solve time (%) = 0.00310755 (0.361247)
Update time (%) = 0 (0)
Comm  time (%) = 0 (0)
Outpt time (%) = 0.00429225 (0.498967)
App   time (%) = 0.852103 (99.0556)
Other time (%) = 0.000723839 (0.0841451)
